Return: 84
Error: [1;31mline 1:[1;33m Div on stack with less than 2 elements
