Return: 84
Error: [1;31mline 1:[1;33m Pop on empty stack
