Return: 84
Error: [1;33mMissing exit instruction
