Return: 84
Error: [1;31mline 3:[1;33m Overflow or underflow on a value
